MemTotal:        4029816 kB
MemFree:          888192 kB
MemAvailable:    1905868 kB
Buffers:           96176 kB
Cached:          1110336 kB
SwapCached:         5932 kB
Active:          1599840 kB
Inactive:        1288820 kB
Active(anon):    1059132 kB
Inactive(anon):   644032 kB
Active(file):     540708 kB
Inactive(file):   644788 kB
Unevictable:          48 kB
Mlocked:              48 kB
SwapTotal:       2097148 kB
SwapFree:        2035184 kB
Dirty:                68 kB
Writeback:             0 kB
AnonPages:       1678488 kB
Mapped:           338632 kB
Shmem:             66420 kB
KReclaimable:      78668 kB
Slab:             122156 kB
SReclaimable:      78668 kB
SUnreclaim:        43488 kB
KernelStack:       10560 kB
PageTables:        45988 kB
NFS_Unstable:          0 kB
Bounce:                0 kB
WritebackTmp:          0 kB
CommitLimit:     4112056 kB
Committed_AS:    6809012 kB
VmallocTotal:   34359738367 kB
VmallocUsed:       36336 kB
VmallocChunk:          0 kB
Percpu:             2688 kB
HardwareCorrupted:     0 kB
AnonHugePages:         0 kB
ShmemHugePages:        0 kB
ShmemPmdMapped:        0 kB
CmaTotal:              0 kB
CmaFree:               0 kB
HugePages_Total:       0
HugePages_Free:        0
HugePages_Rsvd:        0
HugePages_Surp:        0
Hugepagesize:       2048 kB
Hugetlb:               0 kB
DirectMap4k:      231360 kB
DirectMap2M:     3962880 kB
